WARNING: We recommend using a newer Android Gradle plugin to use compileSdk = 35

This Android Gradle plugin (8.2.2) was tested up to compileSdk = 34.

You are strongly encouraged to update your project to use a newer
Android Gradle plugin that has been tested with compileSdk = 35.

If you are already using the latest version of the Android Gradle plugin,
you may need to wait until a newer version with support for compileSdk = 35 is available.

To suppress this warning, add/update
    android.suppressUnsupportedCompileSdk=35
to this project's gradle.properties.
> Task :app:preBuild UP-TO-DATE
> Task :app:preDebugBuild UP-TO-DATE
> Task :app:mergeDebugNativeDebugMetadata NO-SOURCE
> Task :app:checkKotlinGradlePluginConfigurationErrors
> Task :app:checkDebugAarMetadata UP-TO-DATE
> Task :app:generateDebugResValues UP-TO-DATE
> Task :app:mapDebugSourceSetPaths UP-TO-DATE
> Task :app:generateDebugResources UP-TO-DATE
> Task :app:mergeDebugResources UP-TO-DATE
> Task :app:packageDebugResources UP-TO-DATE
> Task :app:parseDebugLocalResources UP-TO-DATE
> Task :app:createDebugCompatibleScreenManifests UP-TO-DATE
> Task :app:extractDeepLinksDebug UP-TO-DATE
> Task :app:processDebugMainManifest UP-TO-DATE
> Task :app:processDebugManifest UP-TO-DATE
> Task :app:processDebugManifestForPackage UP-TO-DATE
> Task :app:processDebugResources UP-TO-DATE
> Task :app:javaPreCompileDebug UP-TO-DATE
> Task :app:mergeDebugShaders UP-TO-DATE
> Task :app:compileDebugShaders NO-SOURCE
> Task :app:generateDebugAssets UP-TO-DATE
> Task :app:mergeDebugAssets UP-TO-DATE
> Task :app:compressDebugAssets UP-TO-DATE
> Task :app:desugarDebugFileDependencies UP-TO-DATE
> Task :app:checkDebugDuplicateClasses UP-TO-DATE
> Task :app:mergeExtDexDebug UP-TO-DATE
> Task :app:mergeLibDexDebug UP-TO-DATE
> Task :app:mergeDebugJniLibFolders UP-TO-DATE
> Task :app:mergeDebugNativeLibs NO-SOURCE
> Task :app:stripDebugDebugSymbols NO-SOURCE
> Task :app:validateSigningDebug UP-TO-DATE
> Task :app:writeDebugAppMetadata UP-TO-DATE
> Task :app:writeDebugSigningConfigVersions UP-TO-DATE

> Task :app:compileDebugKotlin FAILED
.\gradlew.bat : e: file:///
D:/Android%20PROJECTS/kinet
ic/app/src/main/java/com/ki
netic/app/ui/screens/Active
WorkoutScreen.kt:27:47 
Unresolved reference: 
Remove
At line:1 char:1
+ .\gradlew.bat 
assembleDebug > 
build_output.txt 2>&1
+ ~~~~~~~~~~~~~~~~~~~~~~~~~
~~~~~~~~~~~~~~~~~~~~~~~~~~
    + CategoryInfo         
     : NotSpecified: (e:   
  file:///D:/A...ference   
 : Remove:String) [], R    
emoteException
    + FullyQualifiedErrorI 
   d : NativeCommandError
 
e: file:///D:/Android%20PRO
JECTS/kinetic/app/src/main/
java/com/kinetic/app/ui/scr
eens/ActiveWorkoutScreen.kt
:148:36 Unresolved 
reference: Remove
e: file:///D:/Android%20PRO
JECTS/kinetic/app/src/main/
java/com/kinetic/app/ui/scr
eens/BookClassScreen.kt:19:
47 Unresolved reference: 
CalendarViewWeek
e: file:///D:/Android%20PRO
JECTS/kinetic/app/src/main/
java/com/kinetic/app/ui/scr
eens/BookClassScreen.kt:57:
36 Unresolved reference: 
CalendarViewWeek
e: file:///D:/Android%20PRO
JECTS/kinetic/app/src/main/
java/com/kinetic/app/ui/scr
eens/DietScreen.kt:23:47 
Unresolved reference: 
CameraAlt
e: file:///D:/Android%20PRO
JECTS/kinetic/app/src/main/
java/com/kinetic/app/ui/scr
eens/DietScreen.kt:81:36 
Unresolved reference: 
CameraAlt
e: file:///D:/Android%20PRO
JECTS/kinetic/app/src/main/
java/com/kinetic/app/ui/scr
eens/MainScreen.kt:6:47 
Unresolved reference: 
CardMembership
e: file:///D:/Android%20PRO
JECTS/kinetic/app/src/main/
java/com/kinetic/app/ui/scr
eens/MainScreen.kt:7:47 
Unresolved reference: 
FitnessCenter
e: file:///D:/Android%20PRO
JECTS/kinetic/app/src/main/
java/com/kinetic/app/ui/scr
eens/MainScreen.kt:9:47 
Unresolved reference: 
Restaurant
e: file:///D:/Android%20PRO
JECTS/kinetic/app/src/main/
java/com/kinetic/app/ui/scr
eens/MainScreen.kt:10:47 
Unresolved reference: 
ShowChart
e: file:///D:/Android%20PRO
JECTS/kinetic/app/src/main/
java/com/kinetic/app/ui/scr
eens/MainScreen.kt:11:49 
Unresolved reference: 
CardMembership
e: file:///D:/Android%20PRO
JECTS/kinetic/app/src/main/
java/com/kinetic/app/ui/scr
eens/MainScreen.kt:12:49 
Unresolved reference: 
FitnessCenter
e: file:///D:/Android%20PRO
JECTS/kinetic/app/src/main/
java/com/kinetic/app/ui/scr
eens/MainScreen.kt:14:49 
Unresolved reference: 
Restaurant
e: file:///D:/Android%20PRO
JECTS/kinetic/app/src/main/
java/com/kinetic/app/ui/scr
eens/MainScreen.kt:15:49 
Unresolved reference: 
ShowChart
e: file:///D:/Android%20PRO
JECTS/kinetic/app/src/main/
java/com/kinetic/app/ui/scr
eens/MainScreen.kt:48:67 
Unresolved reference: 
FitnessCenter
e: file:///D:/Android%20PRO
JECTS/kinetic/app/src/main/
java/com/kinetic/app/ui/scr
eens/MainScreen.kt:48:97 
Unresolved reference: 
FitnessCenter
e: file:///D:/Android%20PRO
JECTS/kinetic/app/src/main/
java/com/kinetic/app/ui/scr
eens/MainScreen.kt:49:59 
Unresolved reference: 
Restaurant
e: file:///D:/Android%20PRO
JECTS/kinetic/app/src/main/
java/com/kinetic/app/ui/scr
eens/MainScreen.kt:49:86 
Unresolved reference: 
Restaurant
e: file:///D:/Android%20PRO
JECTS/kinetic/app/src/main/
java/com/kinetic/app/ui/scr
eens/MainScreen.kt:50:65 
Unresolved reference: 
ShowChart
e: file:///D:/Android%20PRO
JECTS/kinetic/app/src/main/
java/com/kinetic/app/ui/scr
eens/MainScreen.kt:50:91 
Unresolved reference: 
ShowChart
e: file:///D:/Android%20PRO
JECTS/kinetic/app/src/main/
java/com/kinetic/app/ui/scr
eens/MainScreen.kt:51:71 
Unresolved reference: 
CardMembership
e: file:///D:/Android%20PRO
JECTS/kinetic/app/src/main/
java/com/kinetic/app/ui/scr
eens/MainScreen.kt:51:102 
Unresolved reference: 
CardMembership
e: file:///D:/Android%20PRO
JECTS/kinetic/app/src/main/
java/com/kinetic/app/ui/scr
eens/OnboardingScreen.kt:18
:47 Unresolved reference: 
FitnessCenter
e: file:///D:/Android%20PRO
JECTS/kinetic/app/src/main/
java/com/kinetic/app/ui/scr
eens/OnboardingScreen.kt:59
:45 Unresolved reference: 
FitnessCenter
e: file:///D:/Android%20PRO
JECTS/kinetic/app/src/main/
java/com/kinetic/app/ui/scr
eens/ProfileScreen.kt:21:47
 Unresolved reference: 
CalendarMonth
e: file:///D:/Android%20PRO
JECTS/kinetic/app/src/main/
java/com/kinetic/app/ui/scr
eens/ProfileScreen.kt:22:47
 Unresolved reference: 
ChevronRight
e: file:///D:/Android%20PRO
JECTS/kinetic/app/src/main/
java/com/kinetic/app/ui/scr
eens/ProfileScreen.kt:23:47
 Unresolved reference: 
HeadsetMic
e: file:///D:/Android%20PRO
JECTS/kinetic/app/src/main/
java/com/kinetic/app/ui/scr
eens/ProfileScreen.kt:168:3
4 Unresolved reference: 
CalendarMonth
e: file:///D:/Android%20PRO
JECTS/kinetic/app/src/main/
java/com/kinetic/app/ui/scr
eens/ProfileScreen.kt:175:3
4 Unresolved reference: 
HeadsetMic
e: file:///D:/Android%20PRO
JECTS/kinetic/app/src/main/
java/com/kinetic/app/ui/scr
eens/ProfileScreen.kt:297:4
5 Unresolved reference: 
ChevronRight
e: file:///D:/Android%20PRO
JECTS/kinetic/app/src/main/
java/com/kinetic/app/ui/scr
eens/ReportsScreen.kt:22:47
 Unresolved reference: 
LocalFireDepartment
e: file:///D:/Android%20PRO
JECTS/kinetic/app/src/main/
java/com/kinetic/app/ui/scr
eens/ReportsScreen.kt:23:47
 Unresolved reference: 
EmojiEvents
e: file:///D:/Android%20PRO
JECTS/kinetic/app/src/main/
java/com/kinetic/app/ui/scr
eens/ReportsScreen.kt:100:4
9 Unresolved reference: 
LocalFireDepartment
e: file:///D:/Android%20PRO
JECTS/kinetic/app/src/main/
java/com/kinetic/app/ui/scr
eens/ReportsScreen.kt:177:4
5 Unresolved reference: 
EmojiEvents
e: file:///D:/Android%20PRO
JECTS/kinetic/app/src/main/
java/com/kinetic/app/ui/scr
eens/SupportScreen.kt:21:47
 Unresolved reference: Chat
e: file:///D:/Android%20PRO
JECTS/kinetic/app/src/main/
java/com/kinetic/app/ui/scr
eens/SupportScreen.kt:23:47
 Unresolved reference: 
ExpandLess
e: file:///D:/Android%20PRO
JECTS/kinetic/app/src/main/
java/com/kinetic/app/ui/scr
eens/SupportScreen.kt:24:47
 Unresolved reference: 
ExpandMore
e: file:///D:/Android%20PRO
JECTS/kinetic/app/src/main/
java/com/kinetic/app/ui/scr
eens/SupportScreen.kt:88:48
 Unresolved reference: Chat
e: file:///D:/Android%20PRO
JECTS/kinetic/app/src/main/
java/com/kinetic/app/ui/scr
eens/SupportScreen.kt:241:6
3 Unresolved reference: 
ExpandLess
e: file:///D:/Android%20PRO
JECTS/kinetic/app/src/main/
java/com/kinetic/app/ui/scr
eens/SupportScreen.kt:241:9
3 Unresolved reference: 
ExpandMore
[Incubating] Problems report is available at: file:///D:/Android%20PROJECTS/kinetic/build/reports/problems/problems-report.html

FAILURE: Build failed with 
an exception.

* What went wrong:
Execution failed for task 
':app:compileDebugKotlin'.
> A failure occurred while 
executing org.jetbrains.kot
lin.compilerRunner.GradleCo
mpilerRunnerWithWorkers$Gra
dleKotlinCompilerWorkAction
   > Compilation error. 
See log for more details

* Try:
> Run with --stacktrace 
option to get the stack 
trace.
> Run with --info or 
--debug option to get more 
log output.
> Run with --scan to get 
full insights.
> Get more help at 
https://help.gradle.org.

Deprecated Gradle features were used in this build, making it incompatible with Gradle 9.0.

You can use '--warning-mode all' to show the individual deprecation warnings and determine if they come from your own scripts or plugins.

For more on this, please refer to https://docs.gradle.org/8.11.1/userguide/command_line_interface.html#sec:command_line_warnings in the Gradle documentation.

BUILD FAILED in 13s
26 actionable tasks: 2 executed, 24 up-to-date
